Component: ARM Compiler 5.05 update 2 (build 169) Tool: armlink [4d0f33]

==============================================================================

Section Cross References

    stm32f10x.o(RESET) refers to stm32f10x.o(STACK) for __initial_sp
    stm32f10x.o(RESET) refers to stm32f10x.o(.text) for Reset_Handler
    stm32f10x.o(RESET) refers to port.o(.emb_text) for vPortSVCHandler
    stm32f10x.o(RESET) refers to port.o(.text) for xPortSysTickHandler
    stm32f10x.o(RESET) refers to serial.o(.text) for vUARTInterruptHandler
    stm32f10x.o(.text) refers to entry.o(.ARM.Collect$$$$00000000) for __main
    stm32f10x_usart.o(.text) refers to stm32f10x_rcc.o(.text) for RCC_APB2PeriphResetCmd
    stm32f10x_gpio.o(.text) refers to stm32f10x_rcc.o(.text) for RCC_APB2PeriphResetCmd
    stm32f10x_nvic.o(.text) refers to cortexm3_macro_rvds.o(.text) for __SETPRIMASK
    stm32f10x_rcc.o(.text) refers to stm32f10x_rcc.o(.constdata) for APBAHBPrescTable
    stm32f10x_spi.o(.text) refers to stm32f10x_rcc.o(.text) for RCC_APB2PeriphResetCmd
    stm32f10x_tim.o(.text) refers to stm32f10x_rcc.o(.text) for RCC_APB1PeriphResetCmd
    stm32f10x_tim.o(.text) refers to stm32f10x_tim.o(.constdata) for Tab_OCModeMask
    serial.o(.text) refers to queue.o(.text) for xQueueGenericCreate
    serial.o(.text) refers to stm32f10x_rcc.o(.text) for RCC_APB2PeriphClockCmd
    serial.o(.text) refers to stm32f10x_gpio.o(.text) for GPIO_Init
    serial.o(.text) refers to stm32f10x_usart.o(.text) for USART_Init
    serial.o(.text) refers to stm32f10x_nvic.o(.text) for NVIC_Init
    serial.o(.text) refers to serial.o(.data) for xRxedChars
    main.o(.text) refers to stm32f10x_rcc.o(.text) for RCC_DeInit
    main.o(.text) refers to stm32f10x_nvic.o(.text) for NVIC_SetVectorTable
    main.o(.text) refers to stm32f10x_systick.o(.text) for SysTick_CLKSourceConfig
    main.o(.text) refers to tasks.o(.text) for vTaskStartScheduler
    tasks.o(.text) refers to list.o(.text) for vListInitialise
    tasks.o(.text) refers to port.o(.text) for vPortEnterCritical
    tasks.o(.text) refers to heap_2.o(.text) for pvPortMalloc
    tasks.o(.text) refers to memseta.o(.text) for __aeabi_memclr4
    tasks.o(.text) refers to tasks.o(.bss) for pxReadyTasksLists
    tasks.o(.text) refers to tasks.o(.data) for pxDelayedTaskList
    queue.o(.text) refers to port.o(.text) for vPortEnterCritical
    queue.o(.text) refers to tasks.o(.text) for xTaskRemoveFromEventList
    queue.o(.text) refers to list.o(.text) for vListInitialise
    queue.o(.text) refers to heap_2.o(.text) for pvPortMalloc
    queue.o(.text) refers to memcpya.o(.text) for __aeabi_memcpy
    port.o(.emb_text) refers to tasks.o(.text) for vTaskSwitchContext
    port.o(.emb_text) refers to tasks.o(.data) for pxCurrentTCB
    port.o(.text) refers to port.o(.emb_text) for __asm___6_port_c_39a90d8d__prvStartFirstTask
    port.o(.text) refers to tasks.o(.text) for xTaskIncrementTick
    port.o(.text) refers to port.o(.data) for uxCriticalNesting
    heap_2.o(.text) refers to tasks.o(.text) for vTaskSuspendAll
    heap_2.o(.text) refers to memseta.o(.text) for __aeabi_memclr
    heap_2.o(.text) refers to heap_2.o(.bss) for ucHeap
    heap_2.o(.text) refers to heap_2.o(.data) for xStart
    entry.o(.ARM.Collect$$$$00000000) refers (Special) to entry10a.o(.ARM.Collect$$$$0000000D) for __rt_final_cpp
    entry.o(.ARM.Collect$$$$00000000) refers (Special) to entry11a.o(.ARM.Collect$$$$0000000F) for __rt_final_exit
    entry.o(.ARM.Collect$$$$00000000) refers (Special) to entry7b.o(.ARM.Collect$$$$00000008) for _main_clock
    entry.o(.ARM.Collect$$$$00000000) refers (Special) to entry8b.o(.ARM.Collect$$$$0000000A) for _main_cpp_init
    entry.o(.ARM.Collect$$$$00000000) refers (Special) to entry9a.o(.ARM.Collect$$$$0000000B) for _main_init
    entry.o(.ARM.Collect$$$$00000000) refers (Special) to entry5.o(.ARM.Collect$$$$00000004) for _main_scatterload
    entry.o(.ARM.Collect$$$$00000000) refers (Special) to entry2.o(.ARM.Collect$$$$00000001) for _main_stk
    entry2.o(.ARM.Collect$$$$00000001) refers to entry2.o(.ARM.Collect$$$$00002712) for __lit__00000000
    entry2.o(.ARM.Collect$$$$00002712) refers to stm32f10x.o(STACK) for __initial_sp
    entry2.o(__vectab_stack_and_reset_area) refers to stm32f10x.o(STACK) for __initial_sp
    entry2.o(__vectab_stack_and_reset_area) refers to entry.o(.ARM.Collect$$$$00000000) for __main
    entry5.o(.ARM.Collect$$$$00000004) refers to init.o(.text) for __scatterload
    entry9a.o(.ARM.Collect$$$$0000000B) refers to main.o(.text) for main
    entry9b.o(.ARM.Collect$$$$0000000C) refers to main.o(.text) for main
    init.o(.text) refers to entry5.o(.ARM.Collect$$$$00000004) for __main_after_scatterload


==============================================================================

Removing Unused input sections from the image.

    Removing stm32f10x.o(HEAP), (0 bytes).
    Removing stm32f10x_spi.o(.text), (532 bytes).
    Removing stm32f10x_tim.o(.text), (2148 bytes).
    Removing stm32f10x_tim.o(.constdata), (16 bytes).
    Removing main.o(.constdata), (9663 bytes).
    Removing main.o(.data), (4 bytes).

6 unused section(s) (total 12363 bytes) removed from the image.

==============================================================================

Memory Map of the image

  Image Entry point : 0x00000000

  Load Region LR_IROM1 (Base: 0x08000000, Size: 0x0000351c, Max: 0x00020000, ABSOLUTE)

    Execution Region ER_IROM1 (Base: 0x08000000, Size: 0x000034b8, Max: 0x00020000, ABSOLUTE)

    Base Addr    Size         Type   Attr      Idx    E Section Name        Object

    0x08000000   0x000000ec   Data   RO            3    RESET               stm32f10x.o
    0x080000ec   0x00000000   Code   RO          404  * .ARM.Collect$$$$00000000  mc_w.l(entry.o)
    0x080000ec   0x00000004   Code   RO          413    .ARM.Collect$$$$00000001  mc_w.l(entry2.o)
    0x080000f0   0x00000004   Code   RO          416    .ARM.Collect$$$$00000004  mc_w.l(entry5.o)
    0x080000f4   0x00000000   Code   RO          418    .ARM.Collect$$$$00000008  mc_w.l(entry7b.o)
    0x080000f4   0x00000000   Code   RO          420    .ARM.Collect$$$$0000000A  mc_w.l(entry8b.o)
    0x080000f4   0x00000008   Code   RO          421    .ARM.Collect$$$$0000000B  mc_w.l(entry9a.o)
    0x080000fc   0x00000000   Code   RO          423    .ARM.Collect$$$$0000000D  mc_w.l(entry10a.o)
    0x080000fc   0x00000000   Code   RO          425    .ARM.Collect$$$$0000000F  mc_w.l(entry11a.o)
    0x080000fc   0x00000004   Code   RO          414    .ARM.Collect$$$$00002712  mc_w.l(entry2.o)
    0x08000100   0x00000096   Code   RO          359    .emb_text           port.o
    0x08000196   0x00000002   PAD
    0x08000198   0x0000001c   Code   RO            4    .text               stm32f10x.o
    0x080001b4   0x0000006e   Code   RO           10    .text               cortexm3_macro_rvds.o
    0x08000222   0x00000002   PAD
    0x08000224   0x00000324   Code   RO           13    .text               stm32f10x_usart.o
    0x08000548   0x000002e0   Code   RO           44    .text               stm32f10x_gpio.o
    0x08000828   0x000003e0   Code   RO           83    .text               stm32f10x_nvic.o
    0x08000c08   0x0000037c   Code   RO           95    .text               stm32f10x_rcc.o
    0x08000f84   0x000000c4   Code   RO          121    .text               stm32f10x_systick.o
    0x08001048   0x000001ec   Code   RO          150    .text               serial.o
    0x08001234   0x000000a4   Code   RO          206    .text               main.o
    0x080012d8   0x0000158e   Code   RO          271    .text               tasks.o
    0x08002866   0x00000094   Code   RO          317    .text               list.o
    0x080028fa   0x00000002   PAD
    0x080028fc   0x000008bc   Code   RO          332    .text               queue.o
    0x080031b8   0x000000f0   Code   RO          360    .text               port.o
    0x080032a8   0x00000190   Code   RO          389    .text               heap_2.o
    0x08003438   0x00000024   Code   RO          407    .text               mc_w.l(memcpya.o)
    0x0800345c   0x00000024   Code   RO          409    .text               mc_w.l(memseta.o)
    0x08003480   0x00000024   Code   RO          427    .text               mc_w.l(init.o)
    0x080034a4   0x00000014   Data   RO           96    .constdata          stm32f10x_rcc.o
    0x080034b8   0x00000000   Data   RO          429    Region$$Table       anon$$obj.o


    Execution Region RW_IRAM1 (Base: 0x20000000, Size: 0x00004730, Max: 0x00005000, ABSOLUTE)

    Base Addr    Size         Type   Attr      Idx    E Section Name        Object

    0x20000000   0x00000008   Data   RW          151    .data               serial.o
    0x20000008   0x00000040   Data   RW          273    .data               tasks.o
    0x20000048   0x00000004   Data   RW          361    .data               port.o
    0x2000004c   0x00000018   Data   RW          391    .data               heap_2.o
    0x20000064   0x000000c8   Zero   RW          272    .bss                tasks.o
    0x2000012c   0x00004400   Zero   RW          390    .bss                heap_2.o
    0x2000452c   0x00000004   PAD
    0x20004530   0x00000200   Zero   RW            1    STACK               stm32f10x.o

